// Jest Snapshot v1, https://goo.gl/fbAQLP

exports[`it should render DeleteButton component 1`] = `ShallowWrapper {}`;
