// Jest Snapshot v1, https://goo.gl/fbAQLP

exports[`it should render App component 1`] = `ShallowWrapper {}`;
